node_modules/gaxios/build/src/gaxios.d.ts(6,5): error TS18028: Private identifiers are only available when targeting ECMAScript 2015 and higher.
node_modules/google-auth-library/build/src/auth/awsclient.d.ts(84,5): error TS18028: Private identifiers are only available when targeting ECMAScript 2015 and higher.
node_modules/google-auth-library/build/src/auth/baseexternalclient.d.ts(176,5): error TS18028: Private identifiers are only available when targeting ECMAScript 2015 and higher.
node_modules/google-auth-library/build/src/auth/googleauth.d.ts(90,5): error TS18028: Private identifiers are only available when targeting ECMAScript 2015 and higher.
node_modules/google-auth-library/build/src/util.d.ts(134,5): error TS18028: Private identifiers are only available when targeting ECMAScript 2015 and higher.
node_modules/gtoken/build/src/index.d.ts(38,5): error TS18028: Private identifiers are only available when targeting ECMAScript 2015 and higher.
node_modules/react-hook-form/dist/form.d.ts(1,8): error TS1259: Module '"E:/onboarding all files/Paradigm Office 2/node_modules/@types/react/index"' can only be default-imported using the 'esModuleInterop' flag
node_modules/react-hook-form/dist/types/controller.d.ts(1,13): error TS1259: Module '"E:/onboarding all files/Paradigm Office 2/node_modules/@types/react/index"' can only be default-imported using the 'esModuleInterop' flag
node_modules/react-hook-form/dist/types/form.d.ts(1,13): error TS1259: Module '"E:/onboarding all files/Paradigm Office 2/node_modules/@types/react/index"' can only be default-imported using the 'esModuleInterop' flag
node_modules/react-hook-form/dist/useFormContext.d.ts(1,8): error TS1259: Module '"E:/onboarding all files/Paradigm Office 2/node_modules/@types/react/index"' can only be default-imported using the 'esModuleInterop' flag
pages/leaves/LeaveDashboard.tsx(1,8): error TS1259: Module '"E:/onboarding all files/Paradigm Office 2/node_modules/@types/react/index"' can only be default-imported using the 'esModuleInterop' flag
pages/leaves/LeaveDashboard.tsx(9,20): error TS6142: Module '../../components/ui/Button' was resolved to 'E:/onboarding all files/Paradigm Office 2/components/ui/Button.tsx', but '--jsx' is not set.
pages/leaves/LeaveDashboard.tsx(10,19): error TS6142: Module '../../components/ui/Toast' was resolved to 'E:/onboarding all files/Paradigm Office 2/components/ui/Toast.tsx', but '--jsx' is not set.
pages/leaves/LeaveDashboard.tsx(11,20): error TS6142: Module '../../components/ui/Select' was resolved to 'E:/onboarding all files/Paradigm Office 2/components/ui/Select.tsx', but '--jsx' is not set.
pages/leaves/LeaveDashboard.tsx(17,24): error TS6142: Module '../../components/ui/DatePicker' was resolved to 'E:/onboarding all files/Paradigm Office 2/components/ui/DatePicker.tsx', but '--jsx' is not set.
pages/leaves/LeaveDashboard.tsx(20,28): error TS6142: Module '../../components/UploadDocument' was resolved to 'E:/onboarding all files/Paradigm Office 2/components/UploadDocument.tsx', but '--jsx' is not set.
pages/leaves/LeaveDashboard.tsx(21,32): error TS6142: Module './AttendanceCalendar' was resolved to 'E:/onboarding all files/Paradigm Office 2/pages/leaves/AttendanceCalendar.tsx', but '--jsx' is not set.
pages/leaves/LeaveDashboard.tsx(22,29): error TS6142: Module './CompOffCalendar' was resolved to 'E:/onboarding all files/Paradigm Office 2/pages/leaves/CompOffCalendar.tsx', but '--jsx' is not set.
pages/leaves/LeaveDashboard.tsx(23,24): error TS6142: Module './OTCalendar' was resolved to 'E:/onboarding all files/Paradigm Office 2/pages/leaves/OTCalendar.tsx', but '--jsx' is not set.
pages/leaves/LeaveDashboard.tsx(24,35): error TS6142: Module './YearlyAttendanceChart' was resolved to 'E:/onboarding all files/Paradigm Office 2/pages/leaves/YearlyAttendanceChart.tsx', but '--jsx' is not set.
pages/leaves/LeaveDashboard.tsx(25,25): error TS6142: Module './EmployeeLog' was resolved to 'E:/onboarding all files/Paradigm Office 2/pages/leaves/EmployeeLog.tsx', but '--jsx' is not set.
pages/leaves/LeaveDashboard.tsx(26,19): error TS6142: Module '../../components/ui/Modal' was resolved to 'E:/onboarding all files/Paradigm Office 2/components/ui/Modal.tsx', but '--jsx' is not set.
pages/leaves/LeaveDashboard.tsx(27,29): error TS6142: Module './HolidayCalendar' was resolved to 'E:/onboarding all files/Paradigm Office 2/pages/leaves/HolidayCalendar.tsx', but '--jsx' is not set.
pages/leaves/LeaveDashboard.tsx(32,5): error TS17004: Cannot use JSX unless the '--jsx' flag is provided.
pages/leaves/LeaveDashboard.tsx(33,9): error TS17004: Cannot use JSX unless the '--jsx' flag is provided.
pages/leaves/LeaveDashboard.tsx(34,13): error TS17004: Cannot use JSX unless the '--jsx' flag is provided.
pages/leaves/LeaveDashboard.tsx(36,9): error TS17004: Cannot use JSX unless the '--jsx' flag is provided.
pages/leaves/LeaveDashboard.tsx(37,13): error TS17004: Cannot use JSX unless the '--jsx' flag is provided.
pages/leaves/LeaveDashboard.tsx(38,17): error TS17004: Cannot use JSX unless the '--jsx' flag is provided.
pages/leaves/LeaveDashboard.tsx(39,31): error TS17004: Cannot use JSX unless the '--jsx' flag is provided.
pages/leaves/LeaveDashboard.tsx(41,13): error TS17004: Cannot use JSX unless the '--jsx' flag is provided.
pages/leaves/LeaveDashboard.tsx(42,29): error TS17004: Cannot use JSX unless the '--jsx' flag is provided.
pages/leaves/LeaveDashboard.tsx(57,12): error TS17004: Cannot use JSX unless the '--jsx' flag is provided.
pages/leaves/LeaveDashboard.tsx(105,64): error TS2304: Cannot find name 'RecurringHolidayRule'.
pages/leaves/LeaveDashboard.tsx(379,9): error TS17004: Cannot use JSX unless the '--jsx' flag is provided.
pages/leaves/LeaveDashboard.tsx(380,23): error TS17004: Cannot use JSX unless the '--jsx' flag is provided.
pages/leaves/LeaveDashboard.tsx(382,13): error TS17004: Cannot use JSX unless the '--jsx' flag is provided.
pages/leaves/LeaveDashboard.tsx(383,17): error TS17004: Cannot use JSX unless the '--jsx' flag is provided.
pages/leaves/LeaveDashboard.tsx(384,21): error TS17004: Cannot use JSX unless the '--jsx' flag is provided.
pages/leaves/LeaveDashboard.tsx(387,21): error TS17004: Cannot use JSX unless the '--jsx' flag is provided.
pages/leaves/LeaveDashboard.tsx(388,25): error TS17004: Cannot use JSX unless the '--jsx' flag is provided.
pages/leaves/LeaveDashboard.tsx(388,60): error TS17004: Cannot use JSX unless the '--jsx' flag is provided.
pages/leaves/LeaveDashboard.tsx(393,13): error TS17004: Cannot use JSX unless the '--jsx' flag is provided.
pages/leaves/LeaveDashboard.tsx(394,40): error TS17004: Cannot use JSX unless the '--jsx' flag is provided.
pages/leaves/LeaveDashboard.tsx(396,17): error TS17004: Cannot use JSX unless the '--jsx' flag is provided.
pages/leaves/LeaveDashboard.tsx(397,21): error TS17004: Cannot use JSX unless the '--jsx' flag is provided.
pages/leaves/LeaveDashboard.tsx(403,21): error TS17004: Cannot use JSX unless the '--jsx' flag is provided.
pages/leaves/LeaveDashboard.tsx(404,25): error TS17004: Cannot use JSX unless the '--jsx' flag is provided.
pages/leaves/LeaveDashboard.tsx(405,29): error TS17004: Cannot use JSX unless the '--jsx' flag is provided.
pages/leaves/LeaveDashboard.tsx(406,29): error TS17004: Cannot use JSX unless the '--jsx' flag is provided.
pages/leaves/LeaveDashboard.tsx(406,46): error TS17004: Cannot use JSX unless the '--jsx' flag is provided.
pages/leaves/LeaveDashboard.tsx(409,29): error TS17004: Cannot use JSX unless the '--jsx' flag is provided.
pages/leaves/LeaveDashboard.tsx(420,21): error TS17004: Cannot use JSX unless the '--jsx' flag is provided.
pages/leaves/LeaveDashboard.tsx(421,25): error TS17004: Cannot use JSX unless the '--jsx' flag is provided.
pages/leaves/LeaveDashboard.tsx(422,25): error TS17004: Cannot use JSX unless the '--jsx' flag is provided.
pages/leaves/LeaveDashboard.tsx(423,29): error TS17004: Cannot use JSX unless the '--jsx' flag is provided.
pages/leaves/LeaveDashboard.tsx(424,33): error TS17004: Cannot use JSX unless the '--jsx' flag is provided.
pages/leaves/LeaveDashboard.tsx(425,37): error TS17004: Cannot use JSX unless the '--jsx' flag is provided.
pages/leaves/LeaveDashboard.tsx(427,33): error TS17004: Cannot use JSX unless the '--jsx' flag is provided.
pages/leaves/LeaveDashboard.tsx(428,37): error TS17004: Cannot use JSX unless the '--jsx' flag is provided.
pages/leaves/LeaveDashboard.tsx(429,37): error TS17004: Cannot use JSX unless the '--jsx' flag is provided.
pages/leaves/LeaveDashboard.tsx(432,29): error TS17004: Cannot use JSX unless the '--jsx' flag is provided.
pages/leaves/LeaveDashboard.tsx(433,33): error TS17004: Cannot use JSX unless the '--jsx' flag is provided.
pages/leaves/LeaveDashboard.tsx(434,37): error TS17004: Cannot use JSX unless the '--jsx' flag is provided.
pages/leaves/LeaveDashboard.tsx(438,33): error TS17004: Cannot use JSX unless the '--jsx' flag is provided.
pages/leaves/LeaveDashboard.tsx(446,21): error TS17004: Cannot use JSX unless the '--jsx' flag is provided.
pages/leaves/LeaveDashboard.tsx(447,25): error TS17004: Cannot use JSX unless the '--jsx' flag is provided.
pages/leaves/LeaveDashboard.tsx(448,29): error TS17004: Cannot use JSX unless the '--jsx' flag is provided.
pages/leaves/LeaveDashboard.tsx(449,33): error TS17004: Cannot use JSX unless the '--jsx' flag is provided.
pages/leaves/LeaveDashboard.tsx(451,29): error TS17004: Cannot use JSX unless the '--jsx' flag is provided.
pages/leaves/LeaveDashboard.tsx(452,33): error TS17004: Cannot use JSX unless the '--jsx' flag is provided.
pages/leaves/LeaveDashboard.tsx(453,33): error TS17004: Cannot use JSX unless the '--jsx' flag is provided.
pages/leaves/LeaveDashboard.tsx(457,25): error TS17004: Cannot use JSX unless the '--jsx' flag is provided.
pages/leaves/LeaveDashboard.tsx(458,29): error TS17004: Cannot use JSX unless the '--jsx' flag is provided.
pages/leaves/LeaveDashboard.tsx(459,33): error TS17004: Cannot use JSX unless the '--jsx' flag is provided.
pages/leaves/LeaveDashboard.tsx(462,33): error TS17004: Cannot use JSX unless the '--jsx' flag is provided.
pages/leaves/LeaveDashboard.tsx(463,37): error TS17004: Cannot use JSX unless the '--jsx' flag is provided.
pages/leaves/LeaveDashboard.tsx(470,29): error TS17004: Cannot use JSX unless the '--jsx' flag is provided.
pages/leaves/LeaveDashboard.tsx(481,13): error TS17004: Cannot use JSX unless the '--jsx' flag is provided.
pages/leaves/LeaveDashboard.tsx(482,17): error TS17004: Cannot use JSX unless the '--jsx' flag is provided.
pages/leaves/LeaveDashboard.tsx(491,17): error TS17004: Cannot use JSX unless the '--jsx' flag is provided.
pages/leaves/LeaveDashboard.tsx(500,17): error TS17004: Cannot use JSX unless the '--jsx' flag is provided.
pages/leaves/LeaveDashboard.tsx(507,17): error TS17004: Cannot use JSX unless the '--jsx' flag is provided.
pages/leaves/LeaveDashboard.tsx(508,17): error TS17004: Cannot use JSX unless the '--jsx' flag is provided.
pages/leaves/LeaveDashboard.tsx(518,17): error TS17004: Cannot use JSX unless the '--jsx' flag is provided.
pages/leaves/LeaveDashboard.tsx(519,21): error TS17004: Cannot use JSX unless the '--jsx' flag is provided.
pages/leaves/LeaveDashboard.tsx(520,25): error TS17004: Cannot use JSX unless the '--jsx' flag is provided.
pages/leaves/LeaveDashboard.tsx(525,13): error TS17004: Cannot use JSX unless the '--jsx' flag is provided.
pages/leaves/LeaveDashboard.tsx(526,17): error TS17004: Cannot use JSX unless the '--jsx' flag is provided.
pages/leaves/LeaveDashboard.tsx(527,21): error TS17004: Cannot use JSX unless the '--jsx' flag is provided.
pages/leaves/LeaveDashboard.tsx(528,25): error TS17004: Cannot use JSX unless the '--jsx' flag is provided.
pages/leaves/LeaveDashboard.tsx(530,33): error TS17004: Cannot use JSX unless the '--jsx' flag is provided.
pages/leaves/LeaveDashboard.tsx(546,17): error TS17004: Cannot use JSX unless the '--jsx' flag is provided.
pages/leaves/LeaveDashboard.tsx(547,21): error TS17004: Cannot use JSX unless the '--jsx' flag is provided.
pages/leaves/LeaveDashboard.tsx(548,25): error TS17004: Cannot use JSX unless the '--jsx' flag is provided.
pages/leaves/LeaveDashboard.tsx(549,29): error TS17004: Cannot use JSX unless the '--jsx' flag is provided.
pages/leaves/LeaveDashboard.tsx(550,33): error TS17004: Cannot use JSX unless the '--jsx' flag is provided.
pages/leaves/LeaveDashboard.tsx(551,33): error TS17004: Cannot use JSX unless the '--jsx' flag is provided.
pages/leaves/LeaveDashboard.tsx(552,33): error TS17004: Cannot use JSX unless the '--jsx' flag is provided.
pages/leaves/LeaveDashboard.tsx(553,34): error TS17004: Cannot use JSX unless the '--jsx' flag is provided.
pages/leaves/LeaveDashboard.tsx(554,33): error TS17004: Cannot use JSX unless the '--jsx' flag is provided.
pages/leaves/LeaveDashboard.tsx(557,25): error TS17004: Cannot use JSX unless the '--jsx' flag is provided.
pages/leaves/LeaveDashboard.tsx(559,33): error TS17004: Cannot use JSX unless the '--jsx' flag is provided.
pages/leaves/LeaveDashboard.tsx(559,37): error TS17004: Cannot use JSX unless the '--jsx' flag is provided.
pages/leaves/LeaveDashboard.tsx(561,33): error TS17004: Cannot use JSX unless the '--jsx' flag is provided.
pages/leaves/LeaveDashboard.tsx(561,37): error TS17004: Cannot use JSX unless the '--jsx' flag is provided.
pages/leaves/LeaveDashboard.tsx(564,37): error TS17004: Cannot use JSX unless the '--jsx' flag is provided.
pages/leaves/LeaveDashboard.tsx(565,41): error TS17004: Cannot use JSX unless the '--jsx' flag is provided.
pages/leaves/LeaveDashboard.tsx(566,41): error TS17004: Cannot use JSX unless the '--jsx' flag is provided.
pages/leaves/LeaveDashboard.tsx(567,41): error TS17004: Cannot use JSX unless the '--jsx' flag is provided.
pages/leaves/LeaveDashboard.tsx(568,42): error TS17004: Cannot use JSX unless the '--jsx' flag is provided.
pages/leaves/LeaveDashboard.tsx(568,98): error TS17004: Cannot use JSX unless the '--jsx' flag is provided.
pages/leaves/LeaveDashboard.tsx(569,41): error TS17004: Cannot use JSX unless the '--jsx' flag is provided.
pages/leaves/LeaveDashboard.tsx(571,49): error TS17004: Cannot use JSX unless the '--jsx' flag is provided.
pages/leaves/LeaveDashboard.tsx(573,57): error TS17004: Cannot use JSX unless the '--jsx' flag is provided.
pages/leaves/LeaveDashboard.tsx(575,57): error TS17004: Cannot use JSX unless the '--jsx' flag is provided.
pages/leaves/LeaveDashboard.tsx(576,61): error TS17004: Cannot use JSX unless the '--jsx' flag is provided.
pages/leaves/LeaveDashboard.tsx(577,65): error TS17004: Cannot use JSX unless the '--jsx' flag is provided.
pages/leaves/LeaveDashboard.tsx(579,61): error TS17004: Cannot use JSX unless the '--jsx' flag is provided.
pages/leaves/LeaveDashboard.tsx(580,65): error TS17004: Cannot use JSX unless the '--jsx' flag is provided.
pages/leaves/LeaveDashboard.tsx(586,49): error TS17004: Cannot use JSX unless the '--jsx' flag is provided.
pages/leaves/LeaveDashboard.tsx(597,13): error TS17004: Cannot use JSX unless the '--jsx' flag is provided.
pages/leaves/LeaveDashboard.tsx(598,17): error TS17004: Cannot use JSX unless the '--jsx' flag is provided.
pages/leaves/LeaveDashboard.tsx(600,21): error TS17004: Cannot use JSX unless the '--jsx' flag is provided.
pages/leaves/LeaveDashboard.tsx(601,25): error TS17004: Cannot use JSX unless the '--jsx' flag is provided.
pages/leaves/LeaveDashboard.tsx(602,25): error TS17004: Cannot use JSX unless the '--jsx' flag is provided.
pages/leaves/LeaveDashboard.tsx(603,25): error TS17004: Cannot use JSX unless the '--jsx' flag is provided.
pages/leaves/LeaveDashboard.tsx(606,21): error TS17004: Cannot use JSX unless the '--jsx' flag is provided.
pages/leaves/LeaveDashboard.tsx(607,25): error TS17004: Cannot use JSX unless the '--jsx' flag is provided.
pages/leaves/LeaveDashboard.tsx(608,29): error TS17004: Cannot use JSX unless the '--jsx' flag is provided.
pages/leaves/LeaveDashboard.tsx(609,33): error TS17004: Cannot use JSX unless the '--jsx' flag is provided.
pages/leaves/LeaveDashboard.tsx(610,37): error TS17004: Cannot use JSX unless the '--jsx' flag is provided.
pages/leaves/LeaveDashboard.tsx(611,37): error TS17004: Cannot use JSX unless the '--jsx' flag is provided.
pages/leaves/LeaveDashboard.tsx(612,37): error TS17004: Cannot use JSX unless the '--jsx' flag is provided.
pages/leaves/LeaveDashboard.tsx(613,37): error TS17004: Cannot use JSX unless the '--jsx' flag is provided.
pages/leaves/LeaveDashboard.tsx(616,29): error TS17004: Cannot use JSX unless the '--jsx' flag is provided.
pages/leaves/LeaveDashboard.tsx(618,37): error TS17004: Cannot use JSX unless the '--jsx' flag is provided.
pages/leaves/LeaveDashboard.tsx(618,41): error TS17004: Cannot use JSX unless the '--jsx' flag is provided.
pages/leaves/LeaveDashboard.tsx(620,37): error TS17004: Cannot use JSX unless the '--jsx' flag is provided.
pages/leaves/LeaveDashboard.tsx(620,41): error TS17004: Cannot use JSX unless the '--jsx' flag is provided.
pages/leaves/LeaveDashboard.tsx(623,41): error TS17004: Cannot use JSX unless the '--jsx' flag is provided.
pages/leaves/LeaveDashboard.tsx(624,45): error TS17004: Cannot use JSX unless the '--jsx' flag is provided.
pages/leaves/LeaveDashboard.tsx(625,45): error TS17004: Cannot use JSX unless the '--jsx' flag is provided.
pages/leaves/LeaveDashboard.tsx(626,45): error TS17004: Cannot use JSX unless the '--jsx' flag is provided.
pages/leaves/LeaveDashboard.tsx(627,45): error TS17004: Cannot use JSX unless the '--jsx' flag is provided.
pages/leaves/LeaveDashboard.tsx(628,49): error TS17004: Cannot use JSX unless the '--jsx' flag is provided.
pages/leaves/LeaveDashboard.tsx(642,13): error TS17004: Cannot use JSX unless the '--jsx' flag is provided.
services/api.ts(52,16): error TS1343: The 'import.meta' meta-property is only allowed when the '--module' option is 'es2020', 'es2022', 'esnext', 'system', 'node16', 'node18', 'node20', or 'nodenext'.
services/api.ts(52,28): error TS2339: Property 'env' does not exist on type 'ImportMeta'.
services/api.ts(2656,29): error TS2802: Type 'Set<any>' can only be iterated through when using the '--downlevelIteration' flag or with a '--target' of 'es2015' or higher.
services/api.ts(2844,26): error TS2802: Type 'Set<any>' can only be iterated through when using the '--downlevelIteration' flag or with a '--target' of 'es2015' or higher.
services/supabase.ts(15,28): error TS1343: The 'import.meta' meta-property is only allowed when the '--module' option is 'es2020', 'es2022', 'esnext', 'system', 'node16', 'node18', 'node20', or 'nodenext'.
services/supabase.ts(15,40): error TS2339: Property 'env' does not exist on type 'ImportMeta'.
services/supabase.ts(16,32): error TS1343: The 'import.meta' meta-property is only allowed when the '--module' option is 'es2020', 'es2022', 'esnext', 'system', 'node16', 'node18', 'node20', or 'nodenext'.
services/supabase.ts(16,44): error TS2339: Property 'env' does not exist on type 'ImportMeta'.
